// Jest Snapshot v1, https://goo.gl/fbAQLP

exports[`Base64 #encode gas cost of encode(<some html>) 1`] = `1656`;

exports[`Base64 #encode gas cost of encode(aLpHaBeT) 1`] = `1435`;

exports[`Base64 #encode gas cost of encode(alphabet soup) 1`] = `1866`;

exports[`Base64 #encode gas cost of encode(f) 1`] = `982`;

exports[`Base64 #encode gas cost of encode(fo) 1`] = `993`;

exports[`Base64 #encode gas cost of encode(foo) 1`] = `988`;

exports[`Base64 #encode gas cost of encode(foob) 1`] = `1203`;

exports[`Base64 #encode gas cost of encode(fooba) 1`] = `1214`;

exports[`Base64 #encode gas cost of encode(foobar) 1`] = `1209`;

exports[`Base64 #encode gas cost of encode(includes
newlines) 1`] = `2098`;

exports[`Base64 #encode gas cost of encode(test string) 1`] = `1656`;

exports[`Base64 #encode gas cost of encode(this is a test) 1`] = `1877`;

exports[`Base64 #encode gas cost of encode(this is a very long string that should cost a lot of gas to encode :)) 1`] = `5862`;

exports[`Base64 #encode gas cost of encode(ðŸ˜€) 1`] = `1203`;

exports[`Base64 #encode max size string (24kB) gas cost 1`] = `3424939`;
