// Jest Snapshot v1, https://goo.gl/fbAQLP

exports[`LiquidityAmounts #getAmount0ForLiquidity gas 1`] = `357`;

exports[`LiquidityAmounts #getAmountsForLiquidity gas for price above 1`] = `486`;

exports[`LiquidityAmounts #getAmountsForLiquidity gas for price below 1`] = `507`;

exports[`LiquidityAmounts #getAmountsForLiquidity gas for price inside 1`] = `850`;

exports[`LiquidityAmounts #getLiquidityForAmount0 gas 1`] = `575`;

exports[`LiquidityAmounts #getLiquidityForAmount1 gas 1`] = `367`;

exports[`LiquidityAmounts #getLiquidityForAmount1 gas 2`] = `373`;

exports[`LiquidityAmounts #getLiquidityForAmounts gas for price above 1`] = `538`;

exports[`LiquidityAmounts #getLiquidityForAmounts gas for price below 1`] = `722`;

exports[`LiquidityAmounts #getLiquidityForAmounts gas for price inside 1`] = `1177`;
