// Jest Snapshot v1, https://goo.gl/fbAQLP

exports[`PoolAddress #computeAddress gas cost 1`] = `643`;

exports[`PoolAddress #computeAddress matches example from core repo 1`] = `"0xcf75931a4C18d87F784a91719DefFDdb74b7B0d5"`;
