// Jest Snapshot v1, https://goo.gl/fbAQLP

exports[`UniswapV3Factory #createPool gas 1`] = `4515119`;

exports[`UniswapV3Factory factory bytecode size 1`] = `24574`;

exports[`UniswapV3Factory pool bytecode size 1`] = `21930`;
